cargo :    Compiling kore_fileformat v1.1.4 
(C:\Users\ksak_\OneDrive\Desktop\dbt_prep\Kore)
At line:1 char:1
+ cargo test fileio_validator --lib 2>&1 | Tee-Object -FilePath "test_o ...
+ ~~~~~~~~~~~~~~~~~~~~~~~~~~~~~~~~~~~~~~
    + CategoryInfo          : NotSpecified: (   Compiling ko...\dbt_prep\Kore) 
   :String) [], RemoteException
    + FullyQualifiedErrorId : NativeCommandError
 
warning: unused import: `BufReader`
 --> src\benchmarks.rs:5:22
  |
5 | use std::io::{Write, BufReader, Read};
  |                      ^^^^^^^^^
  |
  = note: `#[warn(unused_imports)]` (part of `#[warn(unused)]`) on by default

warning: unused imports: `Arc` and `Mutex`
 --> src\binary_format.rs:7:17
  |
7 | use std::sync::{Arc, Mutex};
  |                 ^^^  ^^^^^

warning: unused import: `Duration`
 --> src\query_cache.rs:8:29
  |
8 | use std::time::{SystemTime, Duration};
  |                             ^^^^^^^^

warning: unused import: `BTreeMap`
 --> src\index_manager.rs:4:33
  |
4 | use std::collections::{HashMap, BTreeMap};
  |                                 ^^^^^^^^

warning: unused import: `std::sync::Arc`
 --> src\query_parallelization.rs:7:5
  |
7 | use std::sync::Arc;
  |     ^^^^^^^^^^^^^^

warning: unused import: `ParallelJoinExecutor`
  --> src\query_optimization_engine.rs:10:44
   |
10 |     ParallelQueryExecutor, ParallelConfig, ParallelJoinExecutor,
   |                                            ^^^^^^^^^^^^^^^^^^^^

warning: unused import: `std::collections::HashMap`
  --> src\query_optimization_engine.rs:17:5
   |
17 | use std::collections::HashMap;
   |     ^^^^^^^^^^^^^^^^^^^^^^^^^

warning: unused imports: `BaselineMetrics`, `BaselineTracker`, 
`OptimizationComparison`, and `PerformanceMetric`
  --> src\realworld_benchmarking.rs:10:5
   |
10 |     BaselineMetrics, OptimizationComparison, PerformanceMetric,
   |     ^^^^^^^^^^^^^^^  ^^^^^^^^^^^^^^^^^^^^^^  ^^^^^^^^^^^^^^^^^
11 |     BaselineTracker,
   |     ^^^^^^^^^^^^^^^

warning: unused import: `OptimizedQueryResult`
  --> src\realworld_benchmarking.rs:14:28
   |
14 |     OptimizedQueryContext, OptimizedQueryResult, ImprovementReport,
   |                            ^^^^^^^^^^^^^^^^^^^^

warning: unused import: `std::collections::HashMap`
  --> src\comprehensive_testing.rs:11:5
   |
11 | use std::collections::HashMap;
   |     ^^^^^^^^^^^^^^^^^^^^^^^^^

warning: unused import: `Duration`
 --> src\performance_profiling.rs:9:17
  |
9 | use std::time::{Duration, Instant};
  |                 ^^^^^^^^

warning: unused import: `std::collections::HashMap`
 --> src\decompression.rs:6:5
  |
6 | use std::collections::HashMap;
  |     ^^^^^^^^^^^^^^^^^^^^^^^^^

warning: unused import: `crate::decompression::CodecRegistry`
  --> src\roundtrip_validator.rs:10:5
   |
10 | use crate::decompression::CodecRegistry;
   |     ^^^^^^^^^^^^^^^^^^^^^^^^^^^^^^^^^^^

warning: unused attribute
   --> src\decompression.rs:864:5
    |
864 |     #[ignore] // Stub - FOR implementation has issues with test data
    |     ^^^^^^^^^ help: remove this attribute
    |
note: attribute also specified here
   --> src\decompression.rs:863:5
    |
863 |     #[ignore] // TODO: Fix FOR test data encoding
    |     ^^^^^^^^^
    = note: `#[warn(unused_attributes)]` (part of `#[warn(unused)]`) on by 
default

error[E0308]: mismatched types
  --> src\fileio_validator.rs:42:38
   |
42 |         let reader = KoreReader::new(&file_bytes)?;
   |                      --------------- ^^^^^^^^^^^ expected `Vec<u8>`, 
found `&Vec<u8>`
   |                      |
   |                      arguments to this function are incorrect
   |
   = note: expected struct `Vec<_>`
           found reference `&Vec<_>`
note: associated function defined here
  --> src\kore_reader.rs:48:12
   |
48 |     pub fn new(file_bytes: Vec<u8>) -> Result<Self, BinaryFormatError> {
   |            ^^^ -------------------
help: consider removing the borrow
   |
42 -         let reader = KoreReader::new(&file_bytes)?;
42 +         let reader = KoreReader::new(file_bytes)?;
   |

warning: value assigned to `decoded_size` is never read
   --> src\gorilla.rs:383:28
    |
383 |     let mut decoded_size = 0;
    |                            ^
    |
    = help: maybe it is overwritten before being read?
    = note: `#[warn(unused_assignments)]` (part of `#[warn(unused)]`) on by 
default

warning: unused variable: `value`
   --> src\binary_format.rs:777:14
    |
777 |         for (value, (prefix_id, suffix)) in &dictionary {
    |              ^^^^^ help: if this is intentional, prefix it with an 
underscore: `_value`
    |
    = note: `#[warn(unused_variables)]` (part of `#[warn(unused)]`) on by 
default

warning: variable does not need to be mutable
    --> src\binary_format.rs:1499:13
     |
1499 |         let mut decoded_set: std::collections::HashSet<_> = 
decoded.into_iter().collect();
     |             ----^^^^^^^^^^^
     |             |
     |             help: remove this `mut`
     |
     = note: `#[warn(unused_mut)]` (part of `#[warn(unused)]`) on by default

warning: variable does not need to be mutable
    --> src\binary_format.rs:1514:13
     |
1514 |         let mut decoded_set: std::collections::HashSet<_> = 
decoded.into_iter().collect();
     |             ----^^^^^^^^^^^
     |             |
     |             help: remove this `mut`

warning: unused variable: `code0`
    --> src\binary_format.rs:1559:14
     |
1559 |         let (code0, len0) = huffman.encode(0).unwrap();
     |              ^^^^^ help: if this is intentional, prefix it with an 
underscore: `_code0`

warning: unused variable: `code3`
    --> src\binary_format.rs:1560:14
     |
1560 |         let (code3, len3) = huffman.encode(3).unwrap();
     |              ^^^^^ help: if this is intentional, prefix it with an 
underscore: `_code3`

warning: unused variable: `cardinality`
  --> src\index_manager.rs:29:26
   |
29 |     pub fn estimate_size(cardinality: usize, data_size_bytes: u64) -> u64 
{
   |                          ^^^^^^^^^^^ help: if this is intentional, prefix 
it with an underscore: `_cardinality`

warning: variable does not need to be mutable
   --> src\index_manager.rs:291:13
    |
291 |         let mut manager = IndexManager::new();
    |             ----^^^^^^^
    |             |
    |             help: remove this `mut`

warning: unused variable: `right`
   --> src\join_optimization.rs:237:13
    |
237 |         let right = self.get_table(right_table).unwrap();
    |             ^^^^^ help: if this is intentional, prefix it with an 
underscore: `_right`

warning: variable does not need to be mutable
   --> src\decompression.rs:393:13
    |
393 |         let mut data = vec![1, 42, 5];
    |             ----^^^^
    |             |
    |             help: remove this `mut`

warning: variable does not need to be mutable
   --> src\decompression.rs:401:13
    |
401 |         let mut data = vec![2, 0x34, 0x12, 2];
    |             ----^^^^
    |             |
    |             help: remove this `mut`

warning: variable does not need to be mutable
   --> src\decompression.rs:436:13
    |
436 |         let mut data = vec![4, 0x01, 0x02, 0x03, 0x04, 3];
    |             ----^^^^
    |             |
    |             help: remove this `mut`

warning: variable does not need to be mutable
   --> src\decompression.rs:445:13
    |
445 |         let mut data = vec![8, 1, 2, 3, 4, 5, 6, 7, 8, 2];
    |             ----^^^^
    |             |
    |             help: remove this `mut`

warning: variable does not need to be mutable
   --> src\decompression.rs:462:13
    |
462 |         let mut data = vec![1, b'X', 1];
    |             ----^^^^
    |             |
    |             help: remove this `mut`

warning: variable does not need to be mutable
   --> src\decompression.rs:470:13
    |
470 |         let mut data = vec![1, 99, 127];
    |             ----^^^^
    |             |
    |             help: remove this `mut`

warning: variable does not need to be mutable
   --> src\decompression.rs:479:13
    |
479 |         let mut data = vec![1, 99, 0x80, 0x01];
    |             ----^^^^
    |             |
    |             help: remove this `mut`

warning: unused variable: `compressed`
   --> src\compression.rs:364:14
    |
364 |         let (compressed, stats) = 
RLECompressor::compress(&data).unwrap();
    |              ^^^^^^^^^^ help: if this is intentional, prefix it with an 
underscore: `_compressed`

warning: unused variable: `compressed`
   --> src\compression.rs:387:14
    |
387 |         let (compressed, stats) = 
DictionaryCompressor::compress(&data).unwrap();
    |              ^^^^^^^^^^ help: if this is intentional, prefix it with an 
underscore: `_compressed`

warning: unused variable: `compressed`
   --> src\compression.rs:398:14
    |
398 |         let (compressed, stats) = 
FORCompressor::compress(&data).unwrap();
    |              ^^^^^^^^^^ help: if this is intentional, prefix it with an 
underscore: `_compressed`

warning: unused variable: `compressed`
   --> src\compression.rs:406:14
    |
406 |         let (compressed, stats) = 
LZSSCompressor::compress(&data).unwrap();
    |              ^^^^^^^^^^ help: if this is intentional, prefix it with an 
underscore: `_compressed`

warning: unused variable: `compressed`
   --> src\compression.rs:414:14
    |
414 |         let (compressed, stats) = 
LZSSCompressor::compress(text).unwrap();
    |              ^^^^^^^^^^ help: if this is intentional, prefix it with an 
underscore: `_compressed`

warning: unused variable: `stats`
  --> src\kore_writer.rs:98:35
   |
98 |             let (compressed_data, stats) = 
CompressionRegistry::compress(codec, &col.data)?;
   |                                   ^^^^^ help: if this is intentional, 
prefix it with an underscore: `_stats`

For more information about this error, try `rustc --explain E0308`.
warning: `kore_fileformat` (lib test) generated 36 warnings
error: could not compile `kore_fileformat` (lib test) due to 1 previous error; 
36 warnings emitted
